
> infraon-analytics@0.0.0 build
> vite build

[36mvite v5.4.19 [32mbuilding for production...[36m[39m
transforming...
Browserslist: browsers data (caniuse-lite) is 8 months old. Please run:
  npx update-browserslist-db@latest
  Why you should do it regularly: https://github.com/browserslist/update-db#readme
[32m✓[39m 37 modules transformed.
[31mx[39m Build failed in 3.49s
[31merror during build:
[31m[vite:esbuild] Transform failed with 1 error:
D:/Airtel_analytics/airtel_analytics_dashboard/src/components/dashboard/JitterAnalytics.tsx:123:107: ERROR: The character ">" is not valid inside a JSX element[31m
file: [36mD:/Airtel_analytics/airtel_analytics_dashboard/src/components/dashboard/JitterAnalytics.tsx:123:107[31m
[33m
[33mThe character ">" is not valid inside a JSX element[33m
121|                  </div>
122|                  <div className="rounded-xl border border-border bg-card p-4 flex items-center justify-between shadow-sm cursor-pointer hover:border-purple-500/50 transition-colors" onClick={() => setFilter('High Jitter')}>
123|                      <div><p className="text-[10px] font-bold uppercase text-muted-foreground">High Jitter (>30ms)</p><p className="text-2xl font-black text-purple-600">{stats.highJitter}</p></div>
   |                                                                                                             ^
124|                      <div className="p-2 bg-purple-500/10 rounded-lg text-purple-500"><SignalHigh size={20} /></div>
125|                  </div>
[31m
    at failureErrorWithLog (D:\Airtel_analytics\airtel_analytics_dashboard\node_modules\esbuild\lib\main.js:1472:15)
    at D:\Airtel_analytics\airtel_analytics_dashboard\node_modules\esbuild\lib\main.js:755:50
    at responseCallbacks.<computed> (D:\Airtel_analytics\airtel_analytics_dashboard\node_modules\esbuild\lib\main.js:622:9)
    at handleIncomingPacket (D:\Airtel_analytics\airtel_analytics_dashboard\node_modules\esbuild\lib\main.js:677:12)
    at Socket.readFromStdout (D:\Airtel_analytics\airtel_analytics_dashboard\node_modules\esbuild\lib\main.js:600:7)
    at Socket.emit (node:events:513:28)
    at addChunk (node:internal/streams/readable:324:12)
    at readableAddChunk (node:internal/streams/readable:297:9)
    at Readable.push (node:internal/streams/readable:234:10)
    at Pipe.onStreamRead (node:internal/stream_base_commons:190:23)[39m
